
2026-06-04 16:29:00.218 [main] INFO  BaseClass.BaseTest - ======= TEST SUITE STARTED =======
2026-06-04 16:29:00.242 [main] INFO  config.ConfigReader - Configuration loaded from: src/main/resources/config.properties
2026-06-04 16:29:00.543 [main] INFO  Listeners.ExtentReportListener - Extent Report initialized: reports/TestReport_2026-06-04_16-29-00.html
2026-06-04 16:29:00.601 [main] INFO  BaseClass.BaseTest - Setting up driver for browser: chrome
2026-06-04 16:29:01.453 [main] INFO  BaseClass.DriverFactory - Launching Chrome browser
2026-06-04 16:29:03.438 [main] INFO  BaseClass.DriverFactory - Driver initialized: chrome | Thread: 1
2026-06-04 16:29:05.942 [main] INFO  BaseClass.BaseTest - Navigated to: https://demowebshop.tricentis.com/register
2026-06-04 16:29:05.969 [main] INFO  Listeners.ExtentReportListener - >>> TEST STARTED: RegisterUser
2026-06-04 16:29:06.670 [main] INFO  BaseClass.BaseTest - Click On Register Button
2026-06-04 16:29:06.868 [main] INFO  BaseClass.BaseTest - Selected Radio Button
2026-06-04 16:29:07.143 [main] INFO  BaseClass.BaseTest - First Name Is Fillup
2026-06-04 16:29:07.357 [main] INFO  BaseClass.BaseTest - Last Name Is Fillup
2026-06-04 16:29:07.612 [main] INFO  BaseClass.BaseTest - Email Id  Is Fillup
2026-06-04 16:29:07.832 [main] INFO  BaseClass.BaseTest - Password Is Fillup
2026-06-04 16:29:08.066 [main] INFO  BaseClass.BaseTest - Conform Password Is Fillup
2026-06-04 16:29:42.527 [main] INFO  utils.ScreenshotUtil - Screenshot captured: screenshots/RegisterUser_20260604_162942.png
2026-06-04 16:29:42.528 [main] INFO  BaseClass.BaseTest - Screenshot saved: screenshots/RegisterUser_20260604_162942.png
2026-06-04 16:29:42.846 [main] INFO  BaseClass.DriverFactory - Driver quit and removed from ThreadLocal | Thread: 1
2026-06-04 16:29:42.898 [main] INFO  Listeners.ExtentReportListener - Suite Finished | Pass: 0 | Fail: 1 | Skip: 0
2026-06-04 16:29:43.414 [main] INFO  Listeners.ExtentReportListener - Extent Report flushed successfully
2026-06-04 16:29:43.414 [main] INFO  BaseClass.BaseTest - ======= TEST SUITE COMPLETED =======
2026-06-04 16:32:34.723 [main] INFO  BaseClass.BaseTest - ======= TEST SUITE STARTED =======
2026-06-04 16:32:34.747 [main] INFO  config.ConfigReader - Configuration loaded from: src/main/resources/config.properties
2026-06-04 16:32:35.056 [main] INFO  Listeners.ExtentReportListener - Extent Report initialized: reports/TestReport_2026-06-04_16-32-34.html
2026-06-04 16:32:35.127 [main] INFO  BaseClass.BaseTest - Setting up driver for browser: chrome
2026-06-04 16:32:35.944 [main] INFO  BaseClass.DriverFactory - Launching Chrome browser
2026-06-04 16:32:37.958 [main] INFO  BaseClass.DriverFactory - Driver initialized: chrome | Thread: 1
2026-06-04 16:32:40.214 [main] INFO  BaseClass.BaseTest - Navigated to: https://demowebshop.tricentis.com/register
2026-06-04 16:32:40.250 [main] INFO  Listeners.ExtentReportListener - >>> TEST STARTED: RegisterUser
2026-06-04 16:32:40.931 [main] INFO  BaseClass.BaseTest - Click On Register Button
2026-06-04 16:32:41.130 [main] INFO  BaseClass.BaseTest - Selected Radio Button
2026-06-04 16:32:41.421 [main] INFO  BaseClass.BaseTest - First Name Is Fillup
2026-06-04 16:32:41.651 [main] INFO  BaseClass.BaseTest - Last Name Is Fillup
2026-06-04 16:32:41.900 [main] INFO  BaseClass.BaseTest - Email Id  Is Fillup
2026-06-04 16:32:42.120 [main] INFO  BaseClass.BaseTest - Password Is Fillup
2026-06-04 16:32:42.374 [main] INFO  BaseClass.BaseTest - Conform Password Is Fillup
2026-06-04 16:33:16.984 [main] INFO  utils.ScreenshotUtil - Screenshot captured: screenshots/RegisterUser_20260604_163316.png
2026-06-04 16:33:16.984 [main] INFO  BaseClass.BaseTest - Screenshot saved: screenshots/RegisterUser_20260604_163316.png
2026-06-04 16:33:17.306 [main] INFO  BaseClass.DriverFactory - Driver quit and removed from ThreadLocal | Thread: 1
2026-06-04 16:33:17.352 [main] INFO  Listeners.ExtentReportListener - Suite Finished | Pass: 0 | Fail: 1 | Skip: 0
2026-06-04 16:33:17.876 [main] INFO  Listeners.ExtentReportListener - Extent Report flushed successfully
2026-06-04 16:33:17.877 [main] INFO  BaseClass.BaseTest - ======= TEST SUITE COMPLETED =======
2026-06-04 16:35:03.190 [main] INFO  BaseClass.BaseTest - ======= TEST SUITE STARTED =======
2026-06-04 16:35:03.216 [main] INFO  config.ConfigReader - Configuration loaded from: src/main/resources/config.properties
2026-06-04 16:35:03.559 [main] INFO  Listeners.ExtentReportListener - Extent Report initialized: reports/TestReport_2026-06-04_16-35-03.html
2026-06-04 16:35:03.618 [main] INFO  BaseClass.BaseTest - Setting up driver for browser: chrome
2026-06-04 16:35:04.486 [main] INFO  BaseClass.DriverFactory - Launching Chrome browser
2026-06-04 16:35:06.359 [main] INFO  BaseClass.DriverFactory - Driver initialized: chrome | Thread: 1
2026-06-04 16:35:08.996 [main] INFO  BaseClass.BaseTest - Navigated to: https://demowebshop.tricentis.com/register
2026-06-04 16:35:09.015 [main] INFO  Listeners.ExtentReportListener - >>> TEST STARTED: RegisterUser
2026-06-04 16:35:09.758 [main] INFO  BaseClass.BaseTest - Click On Register Button
2026-06-04 16:35:09.960 [main] INFO  BaseClass.BaseTest - Selected Radio Button
2026-06-04 16:35:10.223 [main] INFO  BaseClass.BaseTest - First Name Is Fillup
2026-06-04 16:35:10.463 [main] INFO  BaseClass.BaseTest - Last Name Is Fillup
2026-06-04 16:35:10.724 [main] INFO  BaseClass.BaseTest - Email Id  Is Fillup
2026-06-04 16:35:10.940 [main] INFO  BaseClass.BaseTest - Password Is Fillup
2026-06-04 16:35:11.180 [main] INFO  BaseClass.BaseTest - Conform Password Is Fillup
2026-06-04 16:35:45.021 [main] INFO  utils.ScreenshotUtil - Screenshot captured: screenshots/RegisterUser_20260604_163544.png
2026-06-04 16:35:45.021 [main] INFO  BaseClass.BaseTest - Screenshot saved: screenshots/RegisterUser_20260604_163544.png
2026-06-04 16:35:45.265 [main] INFO  BaseClass.DriverFactory - Driver quit and removed from ThreadLocal | Thread: 1
2026-06-04 16:35:45.315 [main] INFO  Listeners.ExtentReportListener - Suite Finished | Pass: 0 | Fail: 1 | Skip: 0
2026-06-04 16:35:45.826 [main] INFO  Listeners.ExtentReportListener - Extent Report flushed successfully
2026-06-04 16:35:45.826 [main] INFO  BaseClass.BaseTest - ======= TEST SUITE COMPLETED =======
2026-06-04 16:37:19.004 [main] INFO  BaseClass.BaseTest - ======= TEST SUITE STARTED =======
2026-06-04 16:37:19.029 [main] INFO  config.ConfigReader - Configuration loaded from: src/main/resources/config.properties
2026-06-04 16:37:19.329 [main] INFO  Listeners.ExtentReportListener - Extent Report initialized: reports/TestReport_2026-06-04_16-37-19.html
2026-06-04 16:37:19.391 [main] INFO  BaseClass.BaseTest - Setting up driver for browser: chrome
2026-06-04 16:37:20.310 [main] INFO  BaseClass.DriverFactory - Launching Chrome browser
2026-06-04 16:37:22.346 [main] INFO  BaseClass.DriverFactory - Driver initialized: chrome | Thread: 1
2026-06-04 16:37:24.727 [main] INFO  BaseClass.BaseTest - Navigated to: https://demowebshop.tricentis.com/register
2026-06-04 16:37:24.744 [main] INFO  Listeners.ExtentReportListener - >>> TEST STARTED: RegisterUser
2026-06-04 16:37:24.922 [main] INFO  utils.ScreenshotUtil - Screenshot captured: screenshots/RegisterUser_20260604_163724.png
2026-06-04 16:37:24.922 [main] INFO  BaseClass.BaseTest - Screenshot saved: screenshots/RegisterUser_20260604_163724.png
2026-06-04 16:37:25.149 [main] INFO  BaseClass.DriverFactory - Driver quit and removed from ThreadLocal | Thread: 1
2026-06-04 16:37:25.183 [main] INFO  Listeners.ExtentReportListener - Suite Finished | Pass: 0 | Fail: 1 | Skip: 0
2026-06-04 16:37:25.742 [main] INFO  Listeners.ExtentReportListener - Extent Report flushed successfully
2026-06-04 16:37:25.743 [main] INFO  BaseClass.BaseTest - ======= TEST SUITE COMPLETED =======
2026-06-04 16:38:12.239 [main] INFO  BaseClass.BaseTest - ======= TEST SUITE STARTED =======
2026-06-04 16:38:12.264 [main] INFO  config.ConfigReader - Configuration loaded from: src/main/resources/config.properties
2026-06-04 16:38:12.598 [main] INFO  Listeners.ExtentReportListener - Extent Report initialized: reports/TestReport_2026-06-04_16-38-12.html
2026-06-04 16:38:12.671 [main] INFO  BaseClass.BaseTest - Setting up driver for browser: chrome
2026-06-04 16:38:13.555 [main] INFO  BaseClass.DriverFactory - Launching Chrome browser
2026-06-04 16:38:15.497 [main] INFO  BaseClass.DriverFactory - Driver initialized: chrome | Thread: 1
2026-06-04 16:38:17.910 [main] INFO  BaseClass.BaseTest - Navigated to: https://demowebshop.tricentis.com/register
2026-06-04 16:38:17.937 [main] INFO  Listeners.ExtentReportListener - >>> TEST STARTED: RegisterUser
2026-06-04 16:38:18.105 [main] INFO  utils.ScreenshotUtil - Screenshot captured: screenshots/RegisterUser_20260604_163818.png
2026-06-04 16:38:18.106 [main] INFO  BaseClass.BaseTest - Screenshot saved: screenshots/RegisterUser_20260604_163818.png
2026-06-04 16:38:18.335 [main] INFO  BaseClass.DriverFactory - Driver quit and removed from ThreadLocal | Thread: 1
2026-06-04 16:38:18.376 [main] INFO  Listeners.ExtentReportListener - Suite Finished | Pass: 0 | Fail: 1 | Skip: 0
2026-06-04 16:38:18.929 [main] INFO  Listeners.ExtentReportListener - Extent Report flushed successfully
2026-06-04 16:38:18.930 [main] INFO  BaseClass.BaseTest - ======= TEST SUITE COMPLETED =======
2026-06-04 16:38:34.986 [main] INFO  BaseClass.BaseTest - ======= TEST SUITE STARTED =======
2026-06-04 16:38:35.012 [main] INFO  config.ConfigReader - Configuration loaded from: src/main/resources/config.properties
2026-06-04 16:38:35.380 [main] INFO  Listeners.ExtentReportListener - Extent Report initialized: reports/TestReport_2026-06-04_16-38-35.html
2026-06-04 16:38:35.445 [main] INFO  BaseClass.BaseTest - Setting up driver for browser: chrome
2026-06-04 16:38:36.282 [main] INFO  BaseClass.DriverFactory - Launching Chrome browser
2026-06-04 16:38:38.130 [main] INFO  BaseClass.DriverFactory - Driver initialized: chrome | Thread: 1
2026-06-04 16:38:42.486 [main] INFO  BaseClass.BaseTest - Navigated to: https://demowebshop.tricentis.com/register
2026-06-04 16:38:42.506 [main] INFO  Listeners.ExtentReportListener - >>> TEST STARTED: RegisterUser
2026-06-04 16:38:42.691 [main] INFO  utils.ScreenshotUtil - Screenshot captured: screenshots/RegisterUser_20260604_163842.png
2026-06-04 16:38:42.691 [main] INFO  BaseClass.BaseTest - Screenshot saved: screenshots/RegisterUser_20260604_163842.png
2026-06-04 16:38:42.924 [main] INFO  BaseClass.DriverFactory - Driver quit and removed from ThreadLocal | Thread: 1
2026-06-04 16:38:42.965 [main] INFO  Listeners.ExtentReportListener - Suite Finished | Pass: 0 | Fail: 1 | Skip: 0
2026-06-04 16:38:43.505 [main] INFO  Listeners.ExtentReportListener - Extent Report flushed successfully
2026-06-04 16:38:43.506 [main] INFO  BaseClass.BaseTest - ======= TEST SUITE COMPLETED =======
2026-06-04 16:43:47.284 [main] INFO  BaseClass.BaseTest - ======= TEST SUITE STARTED =======
2026-06-04 16:43:47.310 [main] INFO  config.ConfigReader - Configuration loaded from: src/main/resources/config.properties
2026-06-04 16:43:47.636 [main] INFO  Listeners.ExtentReportListener - Extent Report initialized: reports/TestReport_2026-06-04_16-43-47.html
2026-06-04 16:43:47.717 [main] INFO  BaseClass.BaseTest - Setting up driver for browser: chrome
2026-06-04 16:43:48.604 [main] INFO  BaseClass.DriverFactory - Launching Chrome browser
2026-06-04 16:43:50.497 [main] INFO  BaseClass.DriverFactory - Driver initialized: chrome | Thread: 1
2026-06-04 16:43:53.360 [main] INFO  BaseClass.BaseTest - Navigated to: https://demowebshop.tricentis.com/register
2026-06-04 16:43:53.387 [main] INFO  Listeners.ExtentReportListener - >>> TEST STARTED: RegisterUser
2026-06-04 16:43:54.110 [main] INFO  BaseClass.BaseTest - Click On Register Button
2026-06-04 16:43:54.305 [main] INFO  BaseClass.BaseTest - Selected Radio Button
2026-06-04 16:43:54.575 [main] INFO  BaseClass.BaseTest - First Name Is Fillup
2026-06-04 16:43:54.799 [main] INFO  BaseClass.BaseTest - Last Name Is Fillup
2026-06-04 16:43:55.063 [main] INFO  BaseClass.BaseTest - Email Id  Is Fillup
2026-06-04 16:43:55.268 [main] INFO  BaseClass.BaseTest - Password Is Fillup
2026-06-04 16:43:55.497 [main] INFO  BaseClass.BaseTest - Conform Password Is Fillup
2026-06-04 16:43:59.197 [main] INFO  Listeners.ExtentReportListener - >>> TEST PASSED: RegisterUser
2026-06-04 16:43:59.207 [main] INFO  BaseClass.BaseTest - TEST PASSED: RegisterUser
2026-06-04 16:43:59.414 [main] INFO  BaseClass.DriverFactory - Driver quit and removed from ThreadLocal | Thread: 1
2026-06-04 16:43:59.438 [main] INFO  Listeners.ExtentReportListener - Suite Finished | Pass: 1 | Fail: 0 | Skip: 0
2026-06-04 16:43:59.949 [main] INFO  Listeners.ExtentReportListener - Extent Report flushed successfully
2026-06-04 16:43:59.949 [main] INFO  BaseClass.BaseTest - ======= TEST SUITE COMPLETED =======
2026-06-04 16:44:22.997 [main] INFO  BaseClass.BaseTest - ======= TEST SUITE STARTED =======
2026-06-04 16:44:23.023 [main] INFO  config.ConfigReader - Configuration loaded from: src/main/resources/config.properties
2026-06-04 16:44:23.332 [main] INFO  Listeners.ExtentReportListener - Extent Report initialized: reports/TestReport_2026-06-04_16-44-23.html
2026-06-04 16:44:23.389 [main] INFO  BaseClass.BaseTest - Setting up driver for browser: chrome
2026-06-04 16:44:24.247 [main] INFO  BaseClass.DriverFactory - Launching Chrome browser
2026-06-04 16:44:26.477 [main] INFO  BaseClass.DriverFactory - Driver initialized: chrome | Thread: 1
2026-06-04 16:44:28.932 [main] INFO  BaseClass.BaseTest - Navigated to: https://demowebshop.tricentis.com/register
2026-06-04 16:44:28.956 [main] INFO  Listeners.ExtentReportListener - >>> TEST STARTED: RegisterUser
2026-06-04 16:44:29.695 [main] INFO  BaseClass.BaseTest - Click On Register Button
2026-06-04 16:44:29.861 [main] INFO  BaseClass.BaseTest - Selected Radio Button
2026-06-04 16:44:30.128 [main] INFO  BaseClass.BaseTest - First Name Is Fillup
2026-06-04 16:44:30.344 [main] INFO  BaseClass.BaseTest - Last Name Is Fillup
2026-06-04 16:44:30.588 [main] INFO  BaseClass.BaseTest - Email Id  Is Fillup
2026-06-04 16:44:30.804 [main] INFO  BaseClass.BaseTest - Password Is Fillup
2026-06-04 16:44:31.028 [main] INFO  BaseClass.BaseTest - Conform Password Is Fillup
2026-06-04 16:44:34.687 [main] INFO  BaseClass.BaseTest - Your registration completed
2026-06-04 16:44:34.769 [main] INFO  Listeners.ExtentReportListener - >>> TEST PASSED: RegisterUser
2026-06-04 16:44:34.775 [main] INFO  BaseClass.BaseTest - TEST PASSED: RegisterUser
2026-06-04 16:44:35.057 [main] INFO  BaseClass.DriverFactory - Driver quit and removed from ThreadLocal | Thread: 1
2026-06-04 16:44:35.079 [main] INFO  Listeners.ExtentReportListener - Suite Finished | Pass: 1 | Fail: 0 | Skip: 0
2026-06-04 16:44:35.613 [main] INFO  Listeners.ExtentReportListener - Extent Report flushed successfully
2026-06-04 16:44:35.617 [main] INFO  BaseClass.BaseTest - ======= TEST SUITE COMPLETED =======
2026-06-04 21:59:06.262 [main] INFO  BaseClass.BaseTest - ======= TEST SUITE STARTED =======
2026-06-04 21:59:06.322 [main] INFO  config.ConfigReader - Configuration loaded from: src/main/resources/config.properties
2026-06-04 21:59:06.677 [main] INFO  Listeners.ExtentReportListener - Extent Report initialized: reports/TestReport_2026-06-04_21-59-06.html
2026-06-04 21:59:06.781 [main] INFO  BaseClass.BaseTest - Setting up driver for browser: chrome
2026-06-04 21:59:09.209 [main] INFO  BaseClass.DriverFactory - Launching Chrome browser
2026-06-04 21:59:12.450 [main] INFO  BaseClass.DriverFactory - Driver initialized: chrome | Thread: 1
2026-06-04 21:59:14.924 [main] INFO  BaseClass.BaseTest - Navigated to: https://demowebshop.tricentis.com/register
2026-06-04 21:59:14.996 [main] INFO  Listeners.ExtentReportListener - >>> TEST STARTED: RegisterUser
2026-06-04 21:59:15.808 [main] INFO  BaseClass.BaseTest - Click On Register Button
2026-06-04 21:59:16.090 [main] INFO  BaseClass.BaseTest - Selected Radio Button
2026-06-04 21:59:16.450 [main] INFO  BaseClass.BaseTest - First Name Is Fillup
2026-06-04 21:59:16.728 [main] INFO  BaseClass.BaseTest - Last Name Is Fillup
2026-06-04 21:59:17.066 [main] INFO  BaseClass.BaseTest - Email Id  Is Fillup
2026-06-04 21:59:17.328 [main] INFO  BaseClass.BaseTest - Password Is Fillup
2026-06-04 21:59:17.620 [main] INFO  BaseClass.BaseTest - Conform Password Is Fillup
2026-06-04 22:00:01.328 [main] INFO  utils.ScreenshotUtil - Screenshot captured: screenshots/RegisterUser_20260604_220001.png
2026-06-04 22:00:01.329 [main] INFO  BaseClass.BaseTest - Screenshot saved: screenshots/RegisterUser_20260604_220001.png
2026-06-04 22:00:01.749 [main] INFO  BaseClass.DriverFactory - Driver quit and removed from ThreadLocal | Thread: 1
2026-06-04 22:00:01.849 [main] INFO  Listeners.ExtentReportListener - Suite Finished | Pass: 0 | Fail: 1 | Skip: 0
2026-06-04 22:00:02.515 [main] INFO  Listeners.ExtentReportListener - Extent Report flushed successfully
2026-06-04 22:00:02.516 [main] INFO  BaseClass.BaseTest - ======= TEST SUITE COMPLETED =======
2026-06-04 22:23:51.652 [main] INFO  BaseClass.BaseTest - ======= TEST SUITE STARTED =======
2026-06-04 22:23:51.677 [main] INFO  config.ConfigReader - Configuration loaded from: src/main/resources/config.properties
2026-06-04 22:23:52.025 [main] INFO  Listeners.ExtentReportListener - Extent Report initialized: reports/TestReport_2026-06-04_22-23-51.html
2026-06-04 22:23:52.076 [main] INFO  BaseClass.BaseTest - Setting up driver for browser: chrome
2026-06-04 22:23:52.879 [main] INFO  BaseClass.DriverFactory - Launching Chrome browser
2026-06-04 22:23:54.798 [main] INFO  BaseClass.DriverFactory - Driver initialized: chrome | Thread: 1
2026-06-04 22:24:02.309 [main] INFO  BaseClass.BaseTest - Navigated to: https://demowebshop.tricentis.com/register
2026-06-04 22:24:02.348 [main] INFO  Listeners.ExtentReportListener - >>> TEST STARTED: TestExi
2026-06-04 22:24:03.174 [main] INFO  BaseClass.BaseTest - Click On Login Button
2026-06-04 22:24:04.248 [main] INFO  BaseClass.BaseTest - Click On Login Submit Button
2026-06-04 22:24:09.264 [main] INFO  Listeners.ExtentReportListener - >>> TEST PASSED: TestExi
2026-06-04 22:24:09.299 [main] INFO  BaseClass.BaseTest - TEST PASSED: TestExi
2026-06-04 22:24:09.638 [main] INFO  BaseClass.DriverFactory - Driver quit and removed from ThreadLocal | Thread: 1
2026-06-04 22:24:09.686 [main] INFO  Listeners.ExtentReportListener - Suite Finished | Pass: 1 | Fail: 0 | Skip: 0
2026-06-04 22:24:10.190 [main] INFO  Listeners.ExtentReportListener - Extent Report flushed successfully
2026-06-04 22:24:10.191 [main] INFO  BaseClass.BaseTest - ======= TEST SUITE COMPLETED =======
2026-06-04 22:35:29.466 [main] INFO  BaseClass.BaseTest - ======= TEST SUITE STARTED =======
2026-06-04 22:35:29.517 [main] INFO  config.ConfigReader - Configuration loaded from: src/main/resources/config.properties
2026-06-04 22:35:30.008 [main] INFO  Listeners.ExtentReportListener - Extent Report initialized: reports/TestReport_2026-06-04_22-35-29.html
2026-06-04 22:35:30.069 [main] INFO  BaseClass.BaseTest - Setting up driver for browser: chrome
2026-06-04 22:35:31.157 [main] INFO  BaseClass.DriverFactory - Launching Chrome browser
2026-06-04 22:35:34.172 [main] INFO  BaseClass.DriverFactory - Driver initialized: chrome | Thread: 1
2026-06-04 22:35:40.957 [main] INFO  BaseClass.BaseTest - Navigated to: https://demowebshop.tricentis.com/register
2026-06-04 22:35:40.974 [main] INFO  Listeners.ExtentReportListener - >>> TEST STARTED: TestExi
2026-06-04 22:35:41.741 [main] INFO  BaseClass.BaseTest - Click On Login Button
2026-06-04 22:35:45.654 [main] INFO  BaseClass.BaseTest - Click On Login Submit Button
2026-06-04 22:35:50.673 [main] INFO  Listeners.ExtentReportListener - >>> TEST PASSED: TestExi
2026-06-04 22:35:50.690 [main] INFO  BaseClass.BaseTest - TEST PASSED: TestExi
2026-06-04 22:35:51.013 [main] INFO  BaseClass.DriverFactory - Driver quit and removed from ThreadLocal | Thread: 1
2026-06-04 22:35:51.033 [main] INFO  Listeners.ExtentReportListener - Suite Finished | Pass: 1 | Fail: 0 | Skip: 0
2026-06-04 22:35:51.569 [main] INFO  Listeners.ExtentReportListener - Extent Report flushed successfully
2026-06-04 22:35:51.570 [main] INFO  BaseClass.BaseTest - ======= TEST SUITE COMPLETED =======
2026-06-04 22:38:33.969 [main] INFO  BaseClass.BaseTest - ======= TEST SUITE STARTED =======
2026-06-04 22:38:33.992 [main] INFO  config.ConfigReader - Configuration loaded from: src/main/resources/config.properties
2026-06-04 22:38:34.311 [main] INFO  Listeners.ExtentReportListener - Extent Report initialized: reports/TestReport_2026-06-04_22-38-33.html
2026-06-04 22:38:34.359 [main] INFO  BaseClass.BaseTest - Setting up driver for browser: chrome
2026-06-04 22:38:35.174 [main] INFO  BaseClass.DriverFactory - Launching Chrome browser
2026-06-04 22:38:36.966 [main] INFO  BaseClass.DriverFactory - Driver initialized: chrome | Thread: 1
2026-06-04 22:38:39.519 [main] INFO  BaseClass.BaseTest - Navigated to: https://demowebshop.tricentis.com/register
2026-06-04 22:38:39.537 [main] INFO  Listeners.ExtentReportListener - >>> TEST STARTED: TestExi
2026-06-04 22:38:41.447 [main] INFO  BaseClass.BaseTest - Click On Login Button
2026-06-04 22:38:42.250 [main] INFO  BaseClass.BaseTest - Click On Login Submit Button
2026-06-04 22:38:47.272 [main] INFO  Listeners.ExtentReportListener - >>> TEST PASSED: TestExi
2026-06-04 22:38:47.282 [main] INFO  BaseClass.BaseTest - TEST PASSED: TestExi
2026-06-04 22:38:47.438 [main] INFO  BaseClass.DriverFactory - Driver quit and removed from ThreadLocal | Thread: 1
2026-06-04 22:38:47.458 [main] INFO  Listeners.ExtentReportListener - Suite Finished | Pass: 1 | Fail: 0 | Skip: 0
2026-06-04 22:38:47.999 [main] INFO  Listeners.ExtentReportListener - Extent Report flushed successfully
2026-06-04 22:38:48.000 [main] INFO  BaseClass.BaseTest - ======= TEST SUITE COMPLETED =======
2026-06-04 23:14:09.583 [main] INFO  BaseClass.BaseTest - ======= TEST SUITE STARTED =======
2026-06-04 23:14:09.610 [main] INFO  config.ConfigReader - Configuration loaded from: src/main/resources/config.properties
2026-06-04 23:14:09.965 [main] INFO  Listeners.ExtentReportListener - Extent Report initialized: reports/TestReport_2026-06-04_23-14-09.html
2026-06-04 23:14:10.031 [main] INFO  BaseClass.BaseTest - Setting up driver for browser: chrome
2026-06-04 23:14:13.650 [main] INFO  BaseClass.DriverFactory - Launching Chrome browser
2026-06-04 23:14:15.525 [main] INFO  BaseClass.DriverFactory - Driver initialized: chrome | Thread: 1
2026-06-04 23:14:45.679 [main] INFO  Listeners.ExtentReportListener - >>> TEST STARTED: verifyLogin
2026-06-04 23:14:45.701 [main] WARN  Listeners.ExtentReportListener - >>> TEST SKIPPED: verifyLogin
2026-06-04 23:14:45.707 [main] WARN  BaseClass.BaseTest - TEST SKIPPED: verifyLogin
2026-06-04 23:14:46.018 [main] INFO  BaseClass.DriverFactory - Driver quit and removed from ThreadLocal | Thread: 1
2026-06-04 23:14:46.020 [main] INFO  BaseClass.BaseTest - Setting up driver for browser: chrome
2026-06-04 23:14:46.070 [main] INFO  BaseClass.DriverFactory - Launching Chrome browser
2026-06-04 23:14:47.523 [main] INFO  BaseClass.DriverFactory - Driver initialized: chrome | Thread: 1
2026-06-04 23:14:58.805 [main] INFO  BaseClass.BaseTest - Navigated to: https://demowebshop.tricentis.com/register
2026-06-04 23:14:58.809 [main] INFO  Listeners.ExtentReportListener - >>> TEST STARTED: verifyLogin
2026-06-04 23:14:58.844 [main] WARN  Listeners.ExtentReportListener - >>> TEST SKIPPED: verifyLogin
2026-06-04 23:14:58.850 [main] WARN  BaseClass.BaseTest - TEST SKIPPED: verifyLogin
2026-06-04 23:14:59.152 [main] INFO  BaseClass.DriverFactory - Driver quit and removed from ThreadLocal | Thread: 1
2026-06-04 23:14:59.156 [main] INFO  BaseClass.BaseTest - Setting up driver for browser: chrome
2026-06-04 23:14:59.243 [main] INFO  BaseClass.DriverFactory - Launching Chrome browser
2026-06-04 23:15:00.680 [main] INFO  BaseClass.DriverFactory - Driver initialized: chrome | Thread: 1
2026-06-04 23:15:04.389 [main] INFO  BaseClass.BaseTest - Navigated to: https://demowebshop.tricentis.com/register
2026-06-04 23:15:04.392 [main] INFO  Listeners.ExtentReportListener - >>> TEST STARTED: verifyLogin
2026-06-04 23:15:04.418 [main] WARN  Listeners.ExtentReportListener - >>> TEST SKIPPED: verifyLogin
2026-06-04 23:15:04.424 [main] WARN  BaseClass.BaseTest - TEST SKIPPED: verifyLogin
2026-06-04 23:15:04.652 [main] INFO  BaseClass.DriverFactory - Driver quit and removed from ThreadLocal | Thread: 1
2026-06-04 23:15:04.655 [main] INFO  BaseClass.BaseTest - Setting up driver for browser: chrome
2026-06-04 23:15:04.701 [main] INFO  BaseClass.DriverFactory - Launching Chrome browser
2026-06-04 23:15:05.919 [main] INFO  BaseClass.DriverFactory - Driver initialized: chrome | Thread: 1
2026-06-04 23:15:08.917 [main] INFO  BaseClass.BaseTest - Navigated to: https://demowebshop.tricentis.com/register
2026-06-04 23:15:08.922 [main] INFO  Listeners.ExtentReportListener - >>> TEST STARTED: verifyLogin
2026-06-04 23:15:08.951 [main] WARN  Listeners.ExtentReportListener - >>> TEST SKIPPED: verifyLogin
2026-06-04 23:15:08.954 [main] WARN  BaseClass.BaseTest - TEST SKIPPED: verifyLogin
2026-06-04 23:15:09.185 [main] INFO  BaseClass.DriverFactory - Driver quit and removed from ThreadLocal | Thread: 1
2026-06-04 23:15:09.188 [main] INFO  BaseClass.BaseTest - Setting up driver for browser: chrome
2026-06-04 23:15:09.242 [main] INFO  BaseClass.DriverFactory - Launching Chrome browser
2026-06-04 23:15:10.569 [main] INFO  BaseClass.DriverFactory - Driver initialized: chrome | Thread: 1
2026-06-04 23:15:13.700 [main] INFO  BaseClass.BaseTest - Navigated to: https://demowebshop.tricentis.com/register
2026-06-04 23:15:13.703 [main] INFO  Listeners.ExtentReportListener - >>> TEST STARTED: verifyLogin
2026-06-04 23:15:13.731 [main] WARN  Listeners.ExtentReportListener - >>> TEST SKIPPED: verifyLogin
2026-06-04 23:15:13.735 [main] WARN  BaseClass.BaseTest - TEST SKIPPED: verifyLogin
2026-06-04 23:15:14.002 [main] INFO  BaseClass.DriverFactory - Driver quit and removed from ThreadLocal | Thread: 1
2026-06-04 23:15:14.003 [main] INFO  BaseClass.BaseTest - Setting up driver for browser: chrome
2026-06-04 23:15:14.043 [main] INFO  BaseClass.DriverFactory - Launching Chrome browser
2026-06-04 23:15:15.463 [main] INFO  BaseClass.DriverFactory - Driver initialized: chrome | Thread: 1
2026-06-04 23:15:18.324 [main] INFO  BaseClass.BaseTest - Navigated to: https://demowebshop.tricentis.com/register
2026-06-04 23:15:18.326 [main] INFO  Listeners.ExtentReportListener - >>> TEST STARTED: verifyLogin
2026-06-04 23:15:18.348 [main] WARN  Listeners.ExtentReportListener - >>> TEST SKIPPED: verifyLogin
2026-06-04 23:15:18.349 [main] WARN  BaseClass.BaseTest - TEST SKIPPED: verifyLogin
2026-06-04 23:15:18.602 [main] INFO  BaseClass.DriverFactory - Driver quit and removed from ThreadLocal | Thread: 1
2026-06-04 23:15:18.603 [main] INFO  BaseClass.BaseTest - Setting up driver for browser: chrome
2026-06-04 23:15:18.643 [main] INFO  BaseClass.DriverFactory - Launching Chrome browser
2026-06-04 23:15:19.863 [main] INFO  BaseClass.DriverFactory - Driver initialized: chrome | Thread: 1
2026-06-04 23:15:23.037 [main] INFO  BaseClass.BaseTest - Navigated to: https://demowebshop.tricentis.com/register
2026-06-04 23:15:23.039 [main] INFO  Listeners.ExtentReportListener - >>> TEST STARTED: verifyLogin
2026-06-04 23:15:23.062 [main] WARN  Listeners.ExtentReportListener - >>> TEST SKIPPED: verifyLogin
2026-06-04 23:15:23.065 [main] WARN  BaseClass.BaseTest - TEST SKIPPED: verifyLogin
2026-06-04 23:15:23.340 [main] INFO  BaseClass.DriverFactory - Driver quit and removed from ThreadLocal | Thread: 1
2026-06-04 23:15:23.443 [main] INFO  Listeners.ExtentReportListener - Suite Finished | Pass: 0 | Fail: 0 | Skip: 7
2026-06-04 23:15:24.056 [main] INFO  Listeners.ExtentReportListener - Extent Report flushed successfully
2026-06-04 23:15:24.063 [main] INFO  BaseClass.BaseTest - ======= TEST SUITE COMPLETED =======
